Warning: You are sending unauthenticated requests to the HF Hub. Please set a HF_TOKEN to enable higher rate limits and faster downloads.

Device: cuda
  GPU: NVIDIA A100-SXM4-40GB
Border crop: central 75% of the field (22.5 kpc)
Smoothing: sigma = 4.0 px on both

Filtering to rows with existing FITS files …
  Velmap fill fraction per galaxy: <0.1: 67  0.1–0.5: 352  ≥0.5: 381
  Dropping 94/800 galaxies (940 rows) with vel_fill_frac < 0.15
Usable rows: 7060

Building train / val / test splits (stratified by subhalo_id) …
Split sizes — train: 4930  val: 1050  test: 1080
Unique galaxies — train: 487  val: 105  test: 105

Building model …
  Trainable parameters: 4,732,326

Training for up to 60 epochs (patience=12) …

Avg eval time: 0.447 ms/sample (0.469 s total over 1050 samples)
Epoch   1/60 | loss  train=0.0013  val=0.0016 | MSE g+ train=2.6233e-03  val=3.3748e-03 | MSE g× train=2.4678e-03  val=2.8701e-03 | lr=3.00e-04
Avg eval time: 0.385 ms/sample (0.404 s total over 1050 samples)
Epoch   2/60 | loss  train=0.0006  val=0.0015 | MSE g+ train=1.1954e-03  val=3.3451e-03 | MSE g× train=1.3901e-03  val=2.7598e-03 | lr=2.99e-04
Avg eval time: 0.483 ms/sample (0.507 s total over 1050 samples)
Epoch   3/60 | loss  train=0.0004  val=0.0017 | MSE g+ train=8.3724e-04  val=3.8438e-03 | MSE g× train=8.4788e-04  val=2.7776e-03 | lr=2.98e-04
Avg eval time: 0.377 ms/sample (0.396 s total over 1050 samples)
Epoch   4/60 | loss  train=0.0003  val=0.0016 | MSE g+ train=6.8816e-04  val=3.5292e-03 | MSE g× train=6.1576e-04  val=2.8765e-03 | lr=2.97e-04
Avg eval time: 0.532 ms/sample (0.558 s total over 1050 samples)
Epoch   5/60 | loss  train=0.0002  val=0.0017 | MSE g+ train=4.6062e-04  val=3.7802e-03 | MSE g× train=4.9588e-04  val=3.0261e-03 | lr=2.95e-04
Avg eval time: 0.529 ms/sample (0.556 s total over 1050 samples)
Epoch   6/60 | loss  train=0.0002  val=0.0016 | MSE g+ train=3.9929e-04  val=3.1773e-03 | MSE g× train=4.0105e-04  val=3.1432e-03 | lr=2.93e-04
Avg eval time: 0.368 ms/sample (0.387 s total over 1050 samples)
Epoch   7/60 | loss  train=0.0002  val=0.0014 | MSE g+ train=3.7953e-04  val=3.2765e-03 | MSE g× train=3.9787e-04  val=2.4780e-03 | lr=2.90e-04
Avg eval time: 0.497 ms/sample (0.521 s total over 1050 samples)
Epoch   8/60 | loss  train=0.0002  val=0.0015 | MSE g+ train=3.2561e-04  val=3.0499e-03 | MSE g× train=4.1886e-04  val=2.7840e-03 | lr=2.87e-04
Avg eval time: 0.450 ms/sample (0.472 s total over 1050 samples)
Epoch   9/60 | loss  train=0.0002  val=0.0015 | MSE g+ train=3.6330e-04  val=3.3410e-03 | MSE g× train=3.4736e-04  val=2.7213e-03 | lr=2.84e-04
Avg eval time: 0.420 ms/sample (0.442 s total over 1050 samples)
Epoch  10/60 | loss  train=0.0002  val=0.0016 | MSE g+ train=3.5367e-04  val=3.4883e-03 | MSE g× train=3.7243e-04  val=3.0918e-03 | lr=2.80e-04
Avg eval time: 0.481 ms/sample (0.505 s total over 1050 samples)
Epoch  11/60 | loss  train=0.0002  val=0.0015 | MSE g+ train=3.5306e-04  val=3.1268e-03 | MSE g× train=3.0495e-04  val=2.7004e-03 | lr=2.76e-04
Avg eval time: 0.460 ms/sample (0.483 s total over 1050 samples)
Epoch  12/60 | loss  train=0.0001  val=0.0016 | MSE g+ train=2.9312e-04  val=3.2349e-03 | MSE g× train=2.8899e-04  val=3.1156e-03 | lr=2.72e-04
Avg eval time: 0.519 ms/sample (0.545 s total over 1050 samples)
Epoch  13/60 | loss  train=0.0001  val=0.0014 | MSE g+ train=2.5496e-04  val=3.1399e-03 | MSE g× train=2.6631e-04  val=2.6583e-03 | lr=2.67e-04
Avg eval time: 0.559 ms/sample (0.587 s total over 1050 samples)
Epoch  14/60 | loss  train=0.0001  val=0.0016 | MSE g+ train=2.1042e-04  val=3.2726e-03 | MSE g× train=2.1973e-04  val=3.1213e-03 | lr=2.62e-04
Avg eval time: 0.442 ms/sample (0.464 s total over 1050 samples)
Epoch  15/60 | loss  train=0.0001  val=0.0015 | MSE g+ train=2.5036e-04  val=3.3976e-03 | MSE g× train=2.7151e-04  val=2.7555e-03 | lr=2.57e-04
Avg eval time: 0.397 ms/sample (0.417 s total over 1050 samples)
Epoch  16/60 | loss  train=0.0001  val=0.0016 | MSE g+ train=3.0161e-04  val=3.3555e-03 | MSE g× train=2.3752e-04  val=3.0587e-03 | lr=2.51e-04
Avg eval time: 0.412 ms/sample (0.433 s total over 1050 samples)
Epoch  17/60 | loss  train=0.0001  val=0.0014 | MSE g+ train=2.1609e-04  val=3.0646e-03 | MSE g× train=2.0351e-04  val=2.3993e-03 | lr=2.45e-04
Avg eval time: 0.320 ms/sample (0.336 s total over 1050 samples)
Epoch  18/60 | loss  train=0.0002  val=0.0014 | MSE g+ train=4.3935e-04  val=2.9326e-03 | MSE g× train=4.4532e-04  val=2.8229e-03 | lr=2.39e-04
Avg eval time: 0.447 ms/sample (0.470 s total over 1050 samples)
Epoch  19/60 | loss  train=0.0001  val=0.0015 | MSE g+ train=3.3189e-04  val=3.2610e-03 | MSE g× train=2.2125e-04  val=2.8178e-03 | lr=2.32e-04
Avg eval time: 0.320 ms/sample (0.336 s total over 1050 samples)
Epoch  20/60 | loss  train=0.0001  val=0.0015 | MSE g+ train=2.2397e-04  val=3.0631e-03 | MSE g× train=2.5664e-04  val=2.9964e-03 | lr=2.26e-04
Avg eval time: 0.397 ms/sample (0.417 s total over 1050 samples)
Epoch  21/60 | loss  train=0.0001  val=0.0015 | MSE g+ train=2.1979e-04  val=3.0860e-03 | MSE g× train=1.8661e-04  val=3.0040e-03 | lr=2.19e-04
Avg eval time: 0.434 ms/sample (0.456 s total over 1050 samples)
Epoch  22/60 | loss  train=0.0001  val=0.0015 | MSE g+ train=2.4013e-04  val=3.3610e-03 | MSE g× train=1.8895e-04  val=2.7909e-03 | lr=2.12e-04
Avg eval time: 0.435 ms/sample (0.457 s total over 1050 samples)
Epoch  23/60 | loss  train=0.0001  val=0.0015 | MSE g+ train=2.2287e-04  val=3.0444e-03 | MSE g× train=1.6363e-04  val=2.7998e-03 | lr=2.05e-04
Avg eval time: 0.466 ms/sample (0.489 s total over 1050 samples)
Epoch  24/60 | loss  train=0.0001  val=0.0016 | MSE g+ train=1.7858e-04  val=3.2298e-03 | MSE g× train=1.7860e-04  val=2.9980e-03 | lr=1.97e-04
Avg eval time: 0.343 ms/sample (0.361 s total over 1050 samples)
Epoch  25/60 | loss  train=0.0001  val=0.0016 | MSE g+ train=1.9290e-04  val=3.4780e-03 | MSE g× train=1.8753e-04  val=2.9212e-03 | lr=1.90e-04
Avg eval time: 0.501 ms/sample (0.526 s total over 1050 samples)
Epoch  26/60 | loss  train=0.0001  val=0.0015 | MSE g+ train=1.3756e-04  val=2.9632e-03 | MSE g× train=1.3572e-04  val=2.9240e-03 | lr=1.82e-04
Avg eval time: 0.504 ms/sample (0.529 s total over 1050 samples)
Epoch  27/60 | loss  train=0.0001  val=0.0016 | MSE g+ train=1.5014e-04  val=3.1214e-03 | MSE g× train=1.6032e-04  val=3.1193e-03 | lr=1.75e-04
Avg eval time: 0.540 ms/sample (0.567 s total over 1050 samples)
Epoch  28/60 | loss  train=0.0001  val=0.0015 | MSE g+ train=1.4308e-04  val=3.1808e-03 | MSE g× train=1.9790e-04  val=2.7100e-03 | lr=1.67e-04
Avg eval time: 0.269 ms/sample (0.282 s total over 1050 samples)
Epoch  29/60 | loss  train=0.0001  val=0.0015 | MSE g+ train=1.3450e-04  val=3.2598e-03 | MSE g× train=1.3273e-04  val=2.7227e-03 | lr=1.59e-04

Early stopping at epoch 29 (no improvement for 12 epochs).

Loading best checkpoint (val loss = 0.0014) …

── Test set evaluation ──────────────────────────────────────
Avg eval time: 0.266 ms/sample (0.287 s total over 1080 samples)
  Test Smooth-L1 loss : 0.0013
  Test MSE  g+        : 2.4559e-03
  Test MSE  g×        : 2.6140e-03
  Test RMSE g+        : 4.9557e-02
  Test RMSE g×        : 5.1127e-02

  Absolute error percentiles  |pred − true|
    Percentile          g+          g×
  ────────────  ──────────  ──────────
           50th      0.0331      0.0336
           75th      0.0562      0.0563
           90th      0.0797      0.0821
           95th      0.0982      0.1013
           99th      0.1336      0.1399

  Fractional error percentiles  |pred − true| / |true|
  (only galaxies with |g_true| ≥ 0.035 — the KL shape noise floor)
    Percentile          g+          g×
  ────────────  ──────────  ──────────
  (577 galaxies excluded per component as |g_true| < 0.035)
           50th       68.1%       75.2%
           75th      103.5%      110.9%
           90th      145.5%      155.3%
           95th      180.2%      182.8%
           99th      244.1%      242.2%

  Interpretation: for galaxies with |g| ≥ 0.035, 50% of predictions are within 68.1% (g+) / 75.2% (g×) of the true shear value.
Avg eval time: 0.249 ms/sample (0.261 s total over 1050 samples)

Generating diagnostic plots …
  Saved: loss_curves.png
  Saved: shear_scatter_val.png
  Saved: pred_vs_true_val.png
  Saved: residuals_val.png
  Saved: shear_scatter_test.png
  Saved: pred_vs_true_test.png
  Saved: residuals_test.png

All outputs saved to /content/Kinematic_Lensing_ML/kl_dataset/model_output_smooth/sigma_4

Output files:
  best_model.pt
  loss_curves.png
  pred_vs_true_test.png
  pred_vs_true_val.png
  residuals_test.png
  residuals_val.png
  shear_scatter_test.png
  shear_scatter_val.png
  split_test.csv
  split_train.csv
  split_val.csv
  test_summary.csv
