Warning: You are sending unauthenticated requests to the HF Hub. Please set a HF_TOKEN to enable higher rate limits and faster downloads.

Device: cuda
  GPU: NVIDIA A100-SXM4-40GB
Border crop: central 75% of the field (22.5 kpc)

Filtering to rows with existing FITS files …
  Velmap fill fraction per galaxy: <0.1: 67  0.1–0.5: 352  ≥0.5: 381
  Dropping 94/800 galaxies (940 rows) with vel_fill_frac < 0.15
Usable rows: 7060

Building train / val / test splits (stratified by subhalo_id) …
Split sizes — train: 4930  val: 1050  test: 1080
Unique galaxies — train: 487  val: 105  test: 105

Building model …
  Trainable parameters: 4,732,326

Training for up to 60 epochs (patience=12) …

Avg eval time: 0.518 ms/sample (0.544 s total over 1050 samples)
Epoch   1/60 | loss  train=0.0008  val=0.0009 | MSE g+ train=1.1685e-03  val=1.4031e-03 | MSE g× train=1.8690e-03  val=2.2033e-03 | lr=3.00e-04
Avg eval time: 0.299 ms/sample (0.314 s total over 1050 samples)
Epoch   2/60 | loss  train=0.0002  val=0.0004 | MSE g+ train=3.1633e-04  val=3.9335e-04 | MSE g× train=5.6027e-04  val=1.0263e-03 | lr=2.99e-04
Avg eval time: 0.282 ms/sample (0.297 s total over 1050 samples)
Epoch   3/60 | loss  train=0.0001  val=0.0002 | MSE g+ train=2.4209e-04  val=3.1902e-04 | MSE g× train=3.2504e-04  val=6.4546e-04 | lr=2.98e-04
Avg eval time: 0.392 ms/sample (0.412 s total over 1050 samples)
Epoch   4/60 | loss  train=0.0001  val=0.0002 | MSE g+ train=2.2862e-04  val=3.3574e-04 | MSE g× train=2.3563e-04  val=5.9365e-04 | lr=2.97e-04
Avg eval time: 0.388 ms/sample (0.407 s total over 1050 samples)
Epoch   5/60 | loss  train=0.0001  val=0.0002 | MSE g+ train=1.9081e-04  val=3.4924e-04 | MSE g× train=2.1551e-04  val=5.9156e-04 | lr=2.95e-04
Avg eval time: 0.387 ms/sample (0.407 s total over 1050 samples)
Epoch   6/60 | loss  train=0.0001  val=0.0002 | MSE g+ train=1.6714e-04  val=1.8674e-04 | MSE g× train=2.1832e-04  val=5.9441e-04 | lr=2.93e-04
Avg eval time: 0.439 ms/sample (0.461 s total over 1050 samples)
Epoch   7/60 | loss  train=0.0001  val=0.0002 | MSE g+ train=1.4950e-04  val=2.1956e-04 | MSE g× train=1.7755e-04  val=5.2253e-04 | lr=2.90e-04
Avg eval time: 0.383 ms/sample (0.402 s total over 1050 samples)
Epoch   8/60 | loss  train=0.0001  val=0.0002 | MSE g+ train=1.5051e-04  val=2.2686e-04 | MSE g× train=1.7737e-04  val=5.3297e-04 | lr=2.87e-04
Avg eval time: 0.494 ms/sample (0.519 s total over 1050 samples)
Epoch   9/60 | loss  train=0.0001  val=0.0002 | MSE g+ train=1.5616e-04  val=2.3822e-04 | MSE g× train=1.9023e-04  val=4.5300e-04 | lr=2.84e-04
Avg eval time: 0.453 ms/sample (0.476 s total over 1050 samples)
Epoch  10/60 | loss  train=0.0001  val=0.0002 | MSE g+ train=1.3777e-04  val=2.5880e-04 | MSE g× train=1.6825e-04  val=5.5448e-04 | lr=2.80e-04
Avg eval time: 0.492 ms/sample (0.516 s total over 1050 samples)
Epoch  11/60 | loss  train=0.0001  val=0.0002 | MSE g+ train=1.2157e-04  val=2.2924e-04 | MSE g× train=1.5150e-04  val=4.3880e-04 | lr=2.76e-04
Avg eval time: 0.355 ms/sample (0.373 s total over 1050 samples)
Epoch  12/60 | loss  train=0.0001  val=0.0002 | MSE g+ train=1.6554e-04  val=1.7381e-04 | MSE g× train=1.6853e-04  val=4.8002e-04 | lr=2.72e-04
Avg eval time: 0.393 ms/sample (0.412 s total over 1050 samples)
Epoch  13/60 | loss  train=0.0001  val=0.0001 | MSE g+ train=1.2183e-04  val=1.4629e-04 | MSE g× train=1.6259e-04  val=3.5575e-04 | lr=2.67e-04
Avg eval time: 0.382 ms/sample (0.401 s total over 1050 samples)
Epoch  14/60 | loss  train=0.0001  val=0.0001 | MSE g+ train=1.0700e-04  val=2.1098e-04 | MSE g× train=1.2871e-04  val=3.4648e-04 | lr=2.62e-04
Avg eval time: 0.368 ms/sample (0.386 s total over 1050 samples)
Epoch  15/60 | loss  train=0.0001  val=0.0001 | MSE g+ train=1.2186e-04  val=1.6283e-04 | MSE g× train=1.4058e-04  val=3.4662e-04 | lr=2.57e-04
Avg eval time: 0.421 ms/sample (0.443 s total over 1050 samples)
Epoch  16/60 | loss  train=0.0001  val=0.0002 | MSE g+ train=1.2765e-04  val=1.7625e-04 | MSE g× train=1.1268e-04  val=4.7010e-04 | lr=2.51e-04
Avg eval time: 0.441 ms/sample (0.463 s total over 1050 samples)
Epoch  17/60 | loss  train=0.0001  val=0.0001 | MSE g+ train=1.1027e-04  val=1.8363e-04 | MSE g× train=1.1664e-04  val=3.8477e-04 | lr=2.45e-04
Avg eval time: 0.352 ms/sample (0.369 s total over 1050 samples)
Epoch  18/60 | loss  train=0.0001  val=0.0001 | MSE g+ train=1.2043e-04  val=1.7940e-04 | MSE g× train=1.1530e-04  val=3.8384e-04 | lr=2.39e-04
Avg eval time: 0.360 ms/sample (0.378 s total over 1050 samples)
Epoch  19/60 | loss  train=0.0001  val=0.0001 | MSE g+ train=9.7882e-05  val=1.3760e-04 | MSE g× train=1.0255e-04  val=3.6465e-04 | lr=2.32e-04
Avg eval time: 0.476 ms/sample (0.499 s total over 1050 samples)
Epoch  20/60 | loss  train=0.0001  val=0.0001 | MSE g+ train=1.0210e-04  val=1.5121e-04 | MSE g× train=1.2548e-04  val=3.3976e-04 | lr=2.26e-04
Avg eval time: 0.449 ms/sample (0.472 s total over 1050 samples)
Epoch  21/60 | loss  train=0.0000  val=0.0001 | MSE g+ train=9.1219e-05  val=1.4029e-04 | MSE g× train=1.0033e-04  val=2.9428e-04 | lr=2.19e-04
Avg eval time: 0.487 ms/sample (0.511 s total over 1050 samples)
Epoch  22/60 | loss  train=0.0001  val=0.0001 | MSE g+ train=1.3516e-04  val=1.6927e-04 | MSE g× train=1.2429e-04  val=3.5967e-04 | lr=2.12e-04
Avg eval time: 0.518 ms/sample (0.544 s total over 1050 samples)
Epoch  23/60 | loss  train=0.0001  val=0.0001 | MSE g+ train=1.1332e-04  val=1.4972e-04 | MSE g× train=1.0663e-04  val=3.7313e-04 | lr=2.05e-04
Avg eval time: 0.290 ms/sample (0.304 s total over 1050 samples)
Epoch  24/60 | loss  train=0.0001  val=0.0001 | MSE g+ train=1.0241e-04  val=1.5190e-04 | MSE g× train=1.2903e-04  val=3.5001e-04 | lr=1.97e-04
Avg eval time: 0.394 ms/sample (0.414 s total over 1050 samples)
Epoch  25/60 | loss  train=0.0001  val=0.0001 | MSE g+ train=9.5190e-05  val=1.6152e-04 | MSE g× train=1.2228e-04  val=3.4158e-04 | lr=1.90e-04
Avg eval time: 0.465 ms/sample (0.488 s total over 1050 samples)
Epoch  26/60 | loss  train=0.0000  val=0.0001 | MSE g+ train=8.0468e-05  val=1.5392e-04 | MSE g× train=9.3006e-05  val=3.6579e-04 | lr=1.82e-04
Avg eval time: 0.477 ms/sample (0.501 s total over 1050 samples)
Epoch  27/60 | loss  train=0.0000  val=0.0001 | MSE g+ train=8.5537e-05  val=1.4374e-04 | MSE g× train=1.0120e-04  val=3.6310e-04 | lr=1.75e-04
Avg eval time: 0.473 ms/sample (0.497 s total over 1050 samples)
Epoch  28/60 | loss  train=0.0001  val=0.0001 | MSE g+ train=9.4037e-05  val=1.4513e-04 | MSE g× train=1.3288e-04  val=3.0441e-04 | lr=1.67e-04
Avg eval time: 0.508 ms/sample (0.533 s total over 1050 samples)
Epoch  29/60 | loss  train=0.0000  val=0.0001 | MSE g+ train=8.7212e-05  val=1.7381e-04 | MSE g× train=8.8952e-05  val=3.0921e-04 | lr=1.59e-04
Avg eval time: 0.542 ms/sample (0.569 s total over 1050 samples)
Epoch  30/60 | loss  train=0.0000  val=0.0001 | MSE g+ train=8.6430e-05  val=1.7531e-04 | MSE g× train=1.0681e-04  val=3.1328e-04 | lr=1.52e-04
Avg eval time: 0.560 ms/sample (0.588 s total over 1050 samples)
Epoch  31/60 | loss  train=0.0000  val=0.0001 | MSE g+ train=1.0524e-04  val=1.4838e-04 | MSE g× train=8.4954e-05  val=3.0608e-04 | lr=1.44e-04
Avg eval time: 0.301 ms/sample (0.316 s total over 1050 samples)
Epoch  32/60 | loss  train=0.0000  val=0.0001 | MSE g+ train=8.9064e-05  val=1.5811e-04 | MSE g× train=7.4714e-05  val=3.5126e-04 | lr=1.36e-04
Avg eval time: 0.308 ms/sample (0.324 s total over 1050 samples)
Epoch  33/60 | loss  train=0.0000  val=0.0001 | MSE g+ train=8.2296e-05  val=1.4572e-04 | MSE g× train=1.0833e-04  val=2.7745e-04 | lr=1.28e-04
Avg eval time: 0.412 ms/sample (0.433 s total over 1050 samples)
Epoch  34/60 | loss  train=0.0000  val=0.0001 | MSE g+ train=8.4175e-05  val=1.5001e-04 | MSE g× train=7.7692e-05  val=2.8029e-04 | lr=1.21e-04
Avg eval time: 0.307 ms/sample (0.322 s total over 1050 samples)
Epoch  35/60 | loss  train=0.0000  val=0.0001 | MSE g+ train=8.6618e-05  val=1.5189e-04 | MSE g× train=7.2244e-05  val=3.0840e-04 | lr=1.13e-04
Avg eval time: 0.345 ms/sample (0.362 s total over 1050 samples)
Epoch  36/60 | loss  train=0.0000  val=0.0001 | MSE g+ train=7.5836e-05  val=1.5354e-04 | MSE g× train=9.5519e-05  val=3.0610e-04 | lr=1.06e-04
Avg eval time: 0.403 ms/sample (0.423 s total over 1050 samples)
Epoch  37/60 | loss  train=0.0000  val=0.0001 | MSE g+ train=9.2103e-05  val=2.4083e-04 | MSE g× train=8.4917e-05  val=3.3749e-04 | lr=9.83e-05
Avg eval time: 0.456 ms/sample (0.478 s total over 1050 samples)
Epoch  38/60 | loss  train=0.0000  val=0.0001 | MSE g+ train=6.0161e-05  val=1.4013e-04 | MSE g× train=8.4205e-05  val=3.2617e-04 | lr=9.11e-05
Avg eval time: 0.501 ms/sample (0.526 s total over 1050 samples)
Epoch  39/60 | loss  train=0.0000  val=0.0001 | MSE g+ train=6.9233e-05  val=1.3738e-04 | MSE g× train=7.9679e-05  val=3.1434e-04 | lr=8.41e-05
Avg eval time: 0.567 ms/sample (0.595 s total over 1050 samples)
Epoch  40/60 | loss  train=0.0000  val=0.0001 | MSE g+ train=6.1098e-05  val=1.4104e-04 | MSE g× train=7.4270e-05  val=3.1908e-04 | lr=7.73e-05
Avg eval time: 0.549 ms/sample (0.576 s total over 1050 samples)
Epoch  41/60 | loss  train=0.0000  val=0.0001 | MSE g+ train=6.7357e-05  val=1.6150e-04 | MSE g× train=7.0240e-05  val=3.1956e-04 | lr=7.06e-05
Avg eval time: 0.494 ms/sample (0.519 s total over 1050 samples)
Epoch  42/60 | loss  train=0.0000  val=0.0001 | MSE g+ train=5.9912e-05  val=1.3263e-04 | MSE g× train=8.1413e-05  val=2.8733e-04 | lr=6.42e-05
Avg eval time: 0.298 ms/sample (0.313 s total over 1050 samples)
Epoch  43/60 | loss  train=0.0000  val=0.0001 | MSE g+ train=6.3045e-05  val=1.5688e-04 | MSE g× train=6.7881e-05  val=3.5702e-04 | lr=5.80e-05
Avg eval time: 0.462 ms/sample (0.485 s total over 1050 samples)
Epoch  44/60 | loss  train=0.0000  val=0.0001 | MSE g+ train=5.9636e-05  val=1.3907e-04 | MSE g× train=8.0908e-05  val=2.7928e-04 | lr=5.21e-05
Avg eval time: 0.270 ms/sample (0.283 s total over 1050 samples)
Epoch  45/60 | loss  train=0.0000  val=0.0001 | MSE g+ train=7.4674e-05  val=1.4389e-04 | MSE g× train=7.4684e-05  val=3.2993e-04 | lr=4.65e-05
Avg eval time: 0.208 ms/sample (0.218 s total over 1050 samples)
Epoch  46/60 | loss  train=0.0000  val=0.0001 | MSE g+ train=6.7248e-05  val=1.4627e-04 | MSE g× train=6.2321e-05  val=3.7472e-04 | lr=4.11e-05
Avg eval time: 0.261 ms/sample (0.274 s total over 1050 samples)
Epoch  47/60 | loss  train=0.0000  val=0.0001 | MSE g+ train=6.7724e-05  val=1.4024e-04 | MSE g× train=7.8706e-05  val=3.0041e-04 | lr=3.61e-05
Avg eval time: 0.287 ms/sample (0.301 s total over 1050 samples)
Epoch  48/60 | loss  train=0.0000  val=0.0001 | MSE g+ train=5.3572e-05  val=1.3993e-04 | MSE g× train=6.8843e-05  val=3.2699e-04 | lr=3.14e-05
Avg eval time: 0.191 ms/sample (0.201 s total over 1050 samples)
Epoch  49/60 | loss  train=0.0000  val=0.0001 | MSE g+ train=5.3210e-05  val=1.4615e-04 | MSE g× train=7.1511e-05  val=3.1929e-04 | lr=2.70e-05
Avg eval time: 0.222 ms/sample (0.234 s total over 1050 samples)
Epoch  50/60 | loss  train=0.0000  val=0.0001 | MSE g+ train=4.3470e-05  val=1.3080e-04 | MSE g× train=5.5605e-05  val=3.1548e-04 | lr=2.29e-05
Avg eval time: 0.242 ms/sample (0.254 s total over 1050 samples)
Epoch  51/60 | loss  train=0.0000  val=0.0001 | MSE g+ train=5.6831e-05  val=1.3119e-04 | MSE g× train=5.3178e-05  val=2.9852e-04 | lr=1.92e-05
Avg eval time: 0.259 ms/sample (0.272 s total over 1050 samples)
Epoch  52/60 | loss  train=0.0000  val=0.0001 | MSE g+ train=5.5045e-05  val=1.4660e-04 | MSE g× train=5.3601e-05  val=3.5265e-04 | lr=1.58e-05
Avg eval time: 0.247 ms/sample (0.259 s total over 1050 samples)
Epoch  53/60 | loss  train=0.0000  val=0.0001 | MSE g+ train=5.9697e-05  val=1.6054e-04 | MSE g× train=5.9057e-05  val=3.6441e-04 | lr=1.29e-05
Avg eval time: 0.240 ms/sample (0.252 s total over 1050 samples)
Epoch  54/60 | loss  train=0.0000  val=0.0001 | MSE g+ train=4.3813e-05  val=1.7106e-04 | MSE g× train=5.5991e-05  val=3.1367e-04 | lr=1.03e-05
Avg eval time: 0.286 ms/sample (0.300 s total over 1050 samples)
Epoch  55/60 | loss  train=0.0000  val=0.0001 | MSE g+ train=6.2484e-05  val=1.9674e-04 | MSE g× train=5.8248e-05  val=3.1390e-04 | lr=8.06e-06
Avg eval time: 0.226 ms/sample (0.237 s total over 1050 samples)
Epoch  56/60 | loss  train=0.0000  val=0.0001 | MSE g+ train=5.1924e-05  val=1.3674e-04 | MSE g× train=6.0369e-05  val=2.8722e-04 | lr=6.25e-06

Early stopping at epoch 56 (no improvement for 12 epochs).

Loading best checkpoint (val loss = 0.0001) …

── Test set evaluation ──────────────────────────────────────
Avg eval time: 0.255 ms/sample (0.275 s total over 1080 samples)
  Test Smooth-L1 loss : 0.0001
  Test MSE  g+        : 1.1344e-04
  Test MSE  g×        : 2.9210e-04
  Test RMSE g+        : 1.0651e-02
  Test RMSE g×        : 1.7091e-02

  Absolute error percentiles  |pred − true|
    Percentile          g+          g×
  ────────────  ──────────  ──────────
           50th      0.0069      0.0098
           75th      0.0121      0.0183
           90th      0.0173      0.0281
           95th      0.0217      0.0337
           99th      0.0284      0.0494

  Fractional error percentiles  |pred − true| / |true|
  (only galaxies with |g_true| ≥ 0.035 — the KL shape noise floor)
    Percentile          g+          g×
  ────────────  ──────────  ──────────
  (577 galaxies excluded per component as |g_true| < 0.035)
           50th       10.9%       16.4%
           75th       18.5%       29.9%
           90th       30.3%       48.9%
           95th       38.1%       60.4%
           99th       57.1%       97.0%

  Interpretation: for galaxies with |g| ≥ 0.035, 50% of predictions are within 10.9% (g+) / 16.4% (g×) of the true shear value.
Avg eval time: 0.258 ms/sample (0.270 s total over 1050 samples)

Generating diagnostic plots …
  Saved: loss_curves.png
  Saved: shear_scatter_val.png
  Saved: pred_vs_true_val.png
  Saved: residuals_val.png
  Saved: shear_scatter_test.png
  Saved: pred_vs_true_test.png
  Saved: residuals_test.png

All outputs saved to /content/Kinematic_Lensing_ML/kl_dataset/model_output_smooth/sigma_0

Output files:
  best_model.pt
  loss_curves.png
  pred_vs_true_test.png
  pred_vs_true_val.png
  residuals_test.png
  residuals_val.png
  shear_scatter_test.png
  shear_scatter_val.png
  split_test.csv
  split_train.csv
  split_val.csv
  test_summary.csv
