Warning: You are sending unauthenticated requests to the HF Hub. Please set a HF_TOKEN to enable higher rate limits and faster downloads.

Device: cuda
  GPU: NVIDIA A100-SXM4-40GB
Border crop: central 75% of the field (22.5 kpc)
Smoothing: sigma = 8.0 px on both

Filtering to rows with existing FITS files …
  Velmap fill fraction per galaxy: <0.1: 67  0.1–0.5: 350  ≥0.5: 381
  Dropping 94/798 galaxies (470 rows) with vel_fill_frac < 0.15
Usable rows: 3520

Building train / val / test splits (stratified by subhalo_id) …
Split sizes — train: 2455  val: 525  test: 540
Unique galaxies — train: 485  val: 105  test: 105

Building model …
  Trainable parameters: 4,732,326

Training for up to 60 epochs (patience=12) …

Avg eval time: 0.231 ms/sample (0.121 s total over 525 samples)
Epoch   1/60 | loss  train=0.0015  val=0.0015 | MSE g+ train=3.3602e-03  val=2.7378e-03 | MSE g× train=2.7431e-03  val=3.3908e-03 | lr=3.00e-04
Avg eval time: 0.203 ms/sample (0.106 s total over 525 samples)
Epoch   2/60 | loss  train=0.0009  val=0.0014 | MSE g+ train=1.7392e-03  val=2.8906e-03 | MSE g× train=1.8919e-03  val=2.5658e-03 | lr=2.99e-04
Avg eval time: 0.213 ms/sample (0.112 s total over 525 samples)
Epoch   3/60 | loss  train=0.0007  val=0.0012 | MSE g+ train=1.3313e-03  val=2.4067e-03 | MSE g× train=1.3956e-03  val=2.3245e-03 | lr=2.98e-04
Avg eval time: 0.202 ms/sample (0.106 s total over 525 samples)
Epoch   4/60 | loss  train=0.0005  val=0.0015 | MSE g+ train=9.8623e-04  val=3.4361e-03 | MSE g× train=1.0199e-03  val=2.6069e-03 | lr=2.97e-04
Avg eval time: 0.201 ms/sample (0.105 s total over 525 samples)
Epoch   5/60 | loss  train=0.0004  val=0.0014 | MSE g+ train=8.6036e-04  val=3.1269e-03 | MSE g× train=8.2696e-04  val=2.5976e-03 | lr=2.95e-04
Avg eval time: 0.193 ms/sample (0.101 s total over 525 samples)
Epoch   6/60 | loss  train=0.0003  val=0.0014 | MSE g+ train=7.0436e-04  val=2.8148e-03 | MSE g× train=6.7415e-04  val=2.8004e-03 | lr=2.93e-04
Avg eval time: 0.215 ms/sample (0.113 s total over 525 samples)
Epoch   7/60 | loss  train=0.0003  val=0.0014 | MSE g+ train=5.8027e-04  val=2.9936e-03 | MSE g× train=5.3433e-04  val=2.4922e-03 | lr=2.90e-04
Avg eval time: 0.178 ms/sample (0.094 s total over 525 samples)
Epoch   8/60 | loss  train=0.0003  val=0.0015 | MSE g+ train=5.1294e-04  val=3.3672e-03 | MSE g× train=5.0017e-04  val=2.5343e-03 | lr=2.87e-04
Avg eval time: 0.201 ms/sample (0.106 s total over 525 samples)
Epoch   9/60 | loss  train=0.0002  val=0.0013 | MSE g+ train=5.5879e-04  val=2.7418e-03 | MSE g× train=4.2657e-04  val=2.5111e-03 | lr=2.84e-04
Avg eval time: 0.201 ms/sample (0.105 s total over 525 samples)
Epoch  10/60 | loss  train=0.0002  val=0.0013 | MSE g+ train=4.7093e-04  val=2.8434e-03 | MSE g× train=3.6740e-04  val=2.4283e-03 | lr=2.80e-04
Avg eval time: 0.181 ms/sample (0.095 s total over 525 samples)
Epoch  11/60 | loss  train=0.0002  val=0.0013 | MSE g+ train=4.3782e-04  val=2.7525e-03 | MSE g× train=3.5086e-04  val=2.6221e-03 | lr=2.76e-04
Avg eval time: 0.197 ms/sample (0.104 s total over 525 samples)
Epoch  12/60 | loss  train=0.0002  val=0.0014 | MSE g+ train=3.5336e-04  val=3.1267e-03 | MSE g× train=3.2492e-04  val=2.4881e-03 | lr=2.72e-04
Avg eval time: 0.181 ms/sample (0.095 s total over 525 samples)
Epoch  13/60 | loss  train=0.0002  val=0.0013 | MSE g+ train=3.1858e-04  val=2.7592e-03 | MSE g× train=3.5364e-04  val=2.5727e-03 | lr=2.67e-04
Avg eval time: 0.202 ms/sample (0.106 s total over 525 samples)
Epoch  14/60 | loss  train=0.0001  val=0.0014 | MSE g+ train=3.0481e-04  val=2.9411e-03 | MSE g× train=2.7250e-04  val=2.7064e-03 | lr=2.62e-04
Avg eval time: 0.199 ms/sample (0.104 s total over 525 samples)
Epoch  15/60 | loss  train=0.0001  val=0.0013 | MSE g+ train=3.0122e-04  val=2.7240e-03 | MSE g× train=2.5367e-04  val=2.4081e-03 | lr=2.57e-04

Early stopping at epoch 15 (no improvement for 12 epochs).

Loading best checkpoint (val loss = 0.0012) …

── Test set evaluation ──────────────────────────────────────
Avg eval time: 0.234 ms/sample (0.126 s total over 540 samples)
  Test Smooth-L1 loss : 0.0014
  Test MSE  g+        : 2.9142e-03
  Test MSE  g×        : 2.4879e-03
  Test RMSE g+        : 5.3983e-02
  Test RMSE g×        : 4.9879e-02

  Absolute error percentiles  |pred − true|
    Percentile          g+          g×
  ────────────  ──────────  ──────────
           50th      0.0372      0.0328
           75th      0.0600      0.0578
           90th      0.0860      0.0821
           95th      0.1062      0.0962
           99th      0.1391      0.1270

  Fractional error percentiles  |pred − true| / |true|
  (only galaxies with |g_true| ≥ 0.035 — the KL shape noise floor)
    Percentile          g+          g×
  ────────────  ──────────  ──────────
  (261 galaxies excluded per component as |g_true| < 0.035)
           50th       82.3%       81.4%
           75th      114.7%      119.1%
           90th      147.2%      154.2%
           95th      170.2%      173.0%
           99th      251.0%      230.2%

  Interpretation: for galaxies with |g| ≥ 0.035, 50% of predictions are within 82.3% (g+) / 81.4% (g×) of the true shear value.
Avg eval time: 0.229 ms/sample (0.120 s total over 525 samples)

Generating diagnostic plots …
  Saved: loss_curves.png
  Saved: shear_scatter_val.png
  Saved: pred_vs_true_val.png
  Saved: residuals_val.png
  Saved: shear_scatter_test.png
  Saved: pred_vs_true_test.png
  Saved: residuals_test.png

All outputs saved to /content/Kinematic_Lensing_ML/kl_dataset/model_output_smooth/sigma_8

Output files:
  best_model.pt
  inputs_sigma8.png
  loss_curves.png
  pred_vs_true_test.png
  pred_vs_true_val.png
  residuals_test.png
  residuals_val.png
  shear_scatter_test.png
  shear_scatter_val.png
  split_test.csv
  split_train.csv
  split_val.csv
  test_summary.csv
