Warning: You are sending unauthenticated requests to the HF Hub. Please set a HF_TOKEN to enable higher rate limits and faster downloads.

Device: cuda
  GPU: NVIDIA A100-SXM4-40GB
Border crop: central 75% of the field (22.5 kpc)
Smoothing: sigma = 2.0 px on both

Filtering to rows with existing FITS files …
  Velmap fill fraction per galaxy: <0.1: 67  0.1–0.5: 352  ≥0.5: 381
  Dropping 94/800 galaxies (940 rows) with vel_fill_frac < 0.15
Usable rows: 7060

Building train / val / test splits (stratified by subhalo_id) …
Split sizes — train: 4930  val: 1050  test: 1080
Unique galaxies — train: 487  val: 105  test: 105

Building model …
  Trainable parameters: 4,732,326

Training for up to 60 epochs (patience=12) …

Avg eval time: 0.465 ms/sample (0.488 s total over 1050 samples)
Epoch   1/60 | loss  train=0.0013  val=0.0016 | MSE g+ train=2.7396e-03  val=3.7378e-03 | MSE g× train=2.5249e-03  val=2.7604e-03 | lr=3.00e-04
Avg eval time: 0.389 ms/sample (0.408 s total over 1050 samples)
Epoch   2/60 | loss  train=0.0007  val=0.0015 | MSE g+ train=1.2234e-03  val=3.3627e-03 | MSE g× train=1.4782e-03  val=2.6594e-03 | lr=2.99e-04
Avg eval time: 0.305 ms/sample (0.320 s total over 1050 samples)
Epoch   3/60 | loss  train=0.0004  val=0.0015 | MSE g+ train=8.0989e-04  val=3.2357e-03 | MSE g× train=9.0990e-04  val=2.8853e-03 | lr=2.98e-04
Avg eval time: 0.394 ms/sample (0.413 s total over 1050 samples)
Epoch   4/60 | loss  train=0.0003  val=0.0015 | MSE g+ train=6.3913e-04  val=2.7843e-03 | MSE g× train=6.5744e-04  val=3.0708e-03 | lr=2.97e-04
Avg eval time: 0.460 ms/sample (0.483 s total over 1050 samples)
Epoch   5/60 | loss  train=0.0003  val=0.0015 | MSE g+ train=5.1106e-04  val=3.2831e-03 | MSE g× train=4.9254e-04  val=2.7794e-03 | lr=2.95e-04
Avg eval time: 0.414 ms/sample (0.435 s total over 1050 samples)
Epoch   6/60 | loss  train=0.0002  val=0.0016 | MSE g+ train=3.7918e-04  val=3.0986e-03 | MSE g× train=4.3459e-04  val=3.2609e-03 | lr=2.93e-04
Avg eval time: 0.345 ms/sample (0.363 s total over 1050 samples)
Epoch   7/60 | loss  train=0.0002  val=0.0013 | MSE g+ train=3.8960e-04  val=2.7945e-03 | MSE g× train=4.5048e-04  val=2.4368e-03 | lr=2.90e-04
Avg eval time: 0.432 ms/sample (0.453 s total over 1050 samples)
Epoch   8/60 | loss  train=0.0002  val=0.0014 | MSE g+ train=3.3721e-04  val=2.9005e-03 | MSE g× train=3.8399e-04  val=2.6310e-03 | lr=2.87e-04
Avg eval time: 0.428 ms/sample (0.449 s total over 1050 samples)
Epoch   9/60 | loss  train=0.0002  val=0.0014 | MSE g+ train=3.1473e-04  val=3.0274e-03 | MSE g× train=3.1159e-04  val=2.5745e-03 | lr=2.84e-04
Avg eval time: 0.436 ms/sample (0.458 s total over 1050 samples)
Epoch  10/60 | loss  train=0.0002  val=0.0015 | MSE g+ train=3.0330e-04  val=2.9488e-03 | MSE g× train=3.6180e-04  val=3.0089e-03 | lr=2.80e-04
Avg eval time: 0.445 ms/sample (0.468 s total over 1050 samples)
Epoch  11/60 | loss  train=0.0001  val=0.0014 | MSE g+ train=2.7181e-04  val=2.7249e-03 | MSE g× train=3.2411e-04  val=2.7925e-03 | lr=2.76e-04
Avg eval time: 0.442 ms/sample (0.465 s total over 1050 samples)
Epoch  12/60 | loss  train=0.0001  val=0.0014 | MSE g+ train=2.6494e-04  val=2.7327e-03 | MSE g× train=2.6830e-04  val=2.9640e-03 | lr=2.72e-04
Avg eval time: 0.354 ms/sample (0.372 s total over 1050 samples)
Epoch  13/60 | loss  train=0.0001  val=0.0014 | MSE g+ train=2.4724e-04  val=2.8603e-03 | MSE g× train=2.9478e-04  val=2.7374e-03 | lr=2.67e-04
Avg eval time: 0.377 ms/sample (0.396 s total over 1050 samples)
Epoch  14/60 | loss  train=0.0001  val=0.0014 | MSE g+ train=2.1805e-04  val=2.7149e-03 | MSE g× train=2.5270e-04  val=2.9851e-03 | lr=2.62e-04
Avg eval time: 0.468 ms/sample (0.491 s total over 1050 samples)
Epoch  15/60 | loss  train=0.0001  val=0.0014 | MSE g+ train=2.6205e-04  val=2.9077e-03 | MSE g× train=2.4489e-04  val=2.7867e-03 | lr=2.57e-04
Avg eval time: 0.569 ms/sample (0.597 s total over 1050 samples)
Epoch  16/60 | loss  train=0.0001  val=0.0014 | MSE g+ train=2.5540e-04  val=2.7162e-03 | MSE g× train=2.4629e-04  val=2.8491e-03 | lr=2.51e-04
Avg eval time: 0.453 ms/sample (0.475 s total over 1050 samples)
Epoch  17/60 | loss  train=0.0001  val=0.0013 | MSE g+ train=2.4277e-04  val=2.6115e-03 | MSE g× train=1.8270e-04  val=2.4548e-03 | lr=2.45e-04
Avg eval time: 0.526 ms/sample (0.552 s total over 1050 samples)
Epoch  18/60 | loss  train=0.0002  val=0.0014 | MSE g+ train=3.6029e-04  val=2.8930e-03 | MSE g× train=3.0643e-04  val=2.6061e-03 | lr=2.39e-04
Avg eval time: 0.435 ms/sample (0.457 s total over 1050 samples)
Epoch  19/60 | loss  train=0.0001  val=0.0014 | MSE g+ train=2.3138e-04  val=2.8820e-03 | MSE g× train=1.8672e-04  val=2.6664e-03 | lr=2.32e-04
Avg eval time: 0.403 ms/sample (0.423 s total over 1050 samples)
Epoch  20/60 | loss  train=0.0001  val=0.0014 | MSE g+ train=2.3081e-04  val=2.7030e-03 | MSE g× train=2.1848e-04  val=3.0465e-03 | lr=2.26e-04
Avg eval time: 0.401 ms/sample (0.421 s total over 1050 samples)
Epoch  21/60 | loss  train=0.0001  val=0.0014 | MSE g+ train=1.6974e-04  val=2.7474e-03 | MSE g× train=1.6046e-04  val=2.6877e-03 | lr=2.19e-04
Avg eval time: 0.417 ms/sample (0.438 s total over 1050 samples)
Epoch  22/60 | loss  train=0.0001  val=0.0013 | MSE g+ train=2.1833e-04  val=2.4992e-03 | MSE g× train=1.8274e-04  val=2.7042e-03 | lr=2.12e-04
Avg eval time: 0.477 ms/sample (0.501 s total over 1050 samples)
Epoch  23/60 | loss  train=0.0001  val=0.0014 | MSE g+ train=2.4690e-04  val=2.8236e-03 | MSE g× train=1.9212e-04  val=2.6266e-03 | lr=2.05e-04
Avg eval time: 0.312 ms/sample (0.327 s total over 1050 samples)
Epoch  24/60 | loss  train=0.0001  val=0.0014 | MSE g+ train=1.6459e-04  val=2.7800e-03 | MSE g× train=1.7982e-04  val=2.9279e-03 | lr=1.97e-04
Avg eval time: 0.437 ms/sample (0.459 s total over 1050 samples)
Epoch  25/60 | loss  train=0.0001  val=0.0015 | MSE g+ train=1.8724e-04  val=3.0544e-03 | MSE g× train=2.0047e-04  val=2.8463e-03 | lr=1.90e-04
Avg eval time: 0.459 ms/sample (0.482 s total over 1050 samples)
Epoch  26/60 | loss  train=0.0001  val=0.0014 | MSE g+ train=1.3856e-04  val=2.6843e-03 | MSE g× train=1.2878e-04  val=2.7913e-03 | lr=1.82e-04
Avg eval time: 0.309 ms/sample (0.324 s total over 1050 samples)
Epoch  27/60 | loss  train=0.0001  val=0.0014 | MSE g+ train=1.4701e-04  val=2.6854e-03 | MSE g× train=1.6546e-04  val=3.0628e-03 | lr=1.75e-04
Avg eval time: 0.315 ms/sample (0.331 s total over 1050 samples)
Epoch  28/60 | loss  train=0.0001  val=0.0014 | MSE g+ train=1.6332e-04  val=2.8225e-03 | MSE g× train=1.8102e-04  val=2.7455e-03 | lr=1.67e-04
Avg eval time: 0.527 ms/sample (0.554 s total over 1050 samples)
Epoch  29/60 | loss  train=0.0001  val=0.0014 | MSE g+ train=1.1879e-04  val=2.8828e-03 | MSE g× train=1.2069e-04  val=2.8160e-03 | lr=1.59e-04

Early stopping at epoch 29 (no improvement for 12 epochs).

Loading best checkpoint (val loss = 0.0013) …

── Test set evaluation ──────────────────────────────────────
Avg eval time: 0.406 ms/sample (0.438 s total over 1080 samples)
  Test Smooth-L1 loss : 0.0012
  Test MSE  g+        : 2.1490e-03
  Test MSE  g×        : 2.8338e-03
  Test RMSE g+        : 4.6358e-02
  Test RMSE g×        : 5.3233e-02

  Absolute error percentiles  |pred − true|
    Percentile          g+          g×
  ────────────  ──────────  ──────────
           50th      0.0304      0.0330
           75th      0.0539      0.0582
           90th      0.0768      0.0894
           95th      0.0906      0.1059
           99th      0.1238      0.1460

  Fractional error percentiles  |pred − true| / |true|
  (only galaxies with |g_true| ≥ 0.035 — the KL shape noise floor)
    Percentile          g+          g×
  ────────────  ──────────  ──────────
  (577 galaxies excluded per component as |g_true| < 0.035)
           50th       63.6%       69.1%
           75th      100.2%      109.7%
           90th      137.7%      166.5%
           95th      158.2%      195.8%
           99th      253.3%      235.4%

  Interpretation: for galaxies with |g| ≥ 0.035, 50% of predictions are within 63.6% (g+) / 69.1% (g×) of the true shear value.
Avg eval time: 0.471 ms/sample (0.495 s total over 1050 samples)

Generating diagnostic plots …
  Saved: loss_curves.png
  Saved: shear_scatter_val.png
  Saved: pred_vs_true_val.png
  Saved: residuals_val.png
  Saved: shear_scatter_test.png
  Saved: pred_vs_true_test.png
  Saved: residuals_test.png

All outputs saved to /content/Kinematic_Lensing_ML/kl_dataset/model_output_smooth/sigma_2

Output files:
  best_model.pt
  loss_curves.png
  pred_vs_true_test.png
  pred_vs_true_val.png
  residuals_test.png
  residuals_val.png
  shear_scatter_test.png
  shear_scatter_val.png
  split_test.csv
  split_train.csv
  split_val.csv
  test_summary.csv
