======================================
Starting sigma = 0.5
Job ID        = 946561
Array ID      = 
Node          = b40x4-02
Start time    = Thu Oct  1 11:35:23 AM EDT 2026
======================================

Device: cuda
  GPU: NVIDIA RTX PRO 6000 Blackwell Server Edition
Border crop: central 75% of the field (22.5 kpc)
Smoothing: sigma = 0.5 px on both

Filtering to rows with existing FITS files …
  Velmap fill fraction per galaxy: <0.1: 7  0.1–0.5: 272  ≥0.5: 307
  Dropping 7/586 galaxies (70 rows) with vel_fill_frac < 0.1
Usable rows: 5790

Building train / val / test splits (stratified by subhalo_id) …
Split sizes — train: 4050  val: 870  test: 870
Unique galaxies — train: 402  val: 87  test: 87

Building model …
  Trainable parameters: 4,732,326

Training for up to 60 epochs (patience=12) …

Avg eval time: 0.330 ms/sample (0.288 s total over 870 samples)
Epoch   1/60 | loss  train=0.0009  val=0.0009 | MSE g+ train=1.4983e-03  val=1.2575e-03 | MSE g× train=2.2544e-03  val=2.4661e-03 | lr=3.00e-04
Avg eval time: 0.091 ms/sample (0.079 s total over 870 samples)
Epoch   2/60 | loss  train=0.0003  val=0.0004 | MSE g+ train=4.1715e-04  val=4.2531e-04 | MSE g× train=8.2770e-04  val=1.0739e-03 | lr=2.99e-04
Avg eval time: 0.091 ms/sample (0.079 s total over 870 samples)
Epoch   3/60 | loss  train=0.0002  val=0.0003 | MSE g+ train=2.6073e-04  val=3.0813e-04 | MSE g× train=4.7957e-04  val=9.0021e-04 | lr=2.98e-04
Avg eval time: 0.091 ms/sample (0.079 s total over 870 samples)
Epoch   4/60 | loss  train=0.0001  val=0.0003 | MSE g+ train=2.4192e-04  val=2.9778e-04 | MSE g× train=2.9659e-04  val=7.5794e-04 | lr=2.97e-04
Avg eval time: 0.091 ms/sample (0.079 s total over 870 samples)
Epoch   5/60 | loss  train=0.0001  val=0.0003 | MSE g+ train=2.0354e-04  val=2.8896e-04 | MSE g× train=2.5462e-04  val=7.6752e-04 | lr=2.95e-04
Avg eval time: 0.092 ms/sample (0.080 s total over 870 samples)
Epoch   6/60 | loss  train=0.0001  val=0.0002 | MSE g+ train=1.4945e-04  val=2.5805e-04 | MSE g× train=2.2484e-04  val=6.7493e-04 | lr=2.93e-04
Avg eval time: 0.093 ms/sample (0.081 s total over 870 samples)
Epoch   7/60 | loss  train=0.0001  val=0.0002 | MSE g+ train=1.8307e-04  val=2.8830e-04 | MSE g× train=1.8232e-04  val=6.0351e-04 | lr=2.90e-04
Avg eval time: 0.092 ms/sample (0.080 s total over 870 samples)
Epoch   8/60 | loss  train=0.0001  val=0.0002 | MSE g+ train=1.4768e-04  val=2.6347e-04 | MSE g× train=2.0499e-04  val=6.4052e-04 | lr=2.87e-04
Avg eval time: 0.092 ms/sample (0.080 s total over 870 samples)
Epoch   9/60 | loss  train=0.0001  val=0.0002 | MSE g+ train=1.5966e-04  val=2.5076e-04 | MSE g× train=1.8073e-04  val=6.4764e-04 | lr=2.84e-04
Avg eval time: 0.093 ms/sample (0.081 s total over 870 samples)
Epoch  10/60 | loss  train=0.0001  val=0.0002 | MSE g+ train=1.1984e-04  val=2.2901e-04 | MSE g× train=1.6394e-04  val=5.7221e-04 | lr=2.80e-04
Avg eval time: 0.091 ms/sample (0.079 s total over 870 samples)
Epoch  11/60 | loss  train=0.0001  val=0.0002 | MSE g+ train=1.2219e-04  val=2.2976e-04 | MSE g× train=1.4874e-04  val=5.2940e-04 | lr=2.76e-04
Avg eval time: 0.091 ms/sample (0.079 s total over 870 samples)
Epoch  12/60 | loss  train=0.0001  val=0.0002 | MSE g+ train=1.2618e-04  val=2.4593e-04 | MSE g× train=1.3800e-04  val=6.2633e-04 | lr=2.72e-04
Avg eval time: 0.091 ms/sample (0.079 s total over 870 samples)
Epoch  13/60 | loss  train=0.0001  val=0.0002 | MSE g+ train=1.3900e-04  val=2.3910e-04 | MSE g× train=1.3538e-04  val=5.1153e-04 | lr=2.67e-04
Avg eval time: 0.092 ms/sample (0.080 s total over 870 samples)
Epoch  14/60 | loss  train=0.0001  val=0.0002 | MSE g+ train=1.0063e-04  val=2.0602e-04 | MSE g× train=1.2535e-04  val=4.5009e-04 | lr=2.62e-04
Avg eval time: 0.092 ms/sample (0.080 s total over 870 samples)
Epoch  15/60 | loss  train=0.0001  val=0.0002 | MSE g+ train=1.1914e-04  val=2.1984e-04 | MSE g× train=1.1744e-04  val=4.5341e-04 | lr=2.57e-04
Avg eval time: 0.095 ms/sample (0.082 s total over 870 samples)
Epoch  16/60 | loss  train=0.0001  val=0.0002 | MSE g+ train=1.1412e-04  val=2.1639e-04 | MSE g× train=1.2687e-04  val=4.9256e-04 | lr=2.51e-04
Avg eval time: 0.091 ms/sample (0.080 s total over 870 samples)
Epoch  17/60 | loss  train=0.0001  val=0.0002 | MSE g+ train=1.1179e-04  val=2.5417e-04 | MSE g× train=1.2413e-04  val=5.0981e-04 | lr=2.45e-04
Avg eval time: 0.093 ms/sample (0.081 s total over 870 samples)
Epoch  18/60 | loss  train=0.0001  val=0.0002 | MSE g+ train=1.0311e-04  val=1.8880e-04 | MSE g× train=1.1458e-04  val=4.5654e-04 | lr=2.39e-04
Avg eval time: 0.093 ms/sample (0.081 s total over 870 samples)
Epoch  19/60 | loss  train=0.0001  val=0.0002 | MSE g+ train=1.0976e-04  val=2.1812e-04 | MSE g× train=1.1431e-04  val=5.2391e-04 | lr=2.32e-04
Avg eval time: 0.091 ms/sample (0.079 s total over 870 samples)
Epoch  20/60 | loss  train=0.0000  val=0.0002 | MSE g+ train=1.0069e-04  val=1.8535e-04 | MSE g× train=9.5748e-05  val=4.3107e-04 | lr=2.26e-04
Avg eval time: 0.092 ms/sample (0.080 s total over 870 samples)
Epoch  21/60 | loss  train=0.0001  val=0.0002 | MSE g+ train=9.8000e-05  val=1.9562e-04 | MSE g× train=1.0728e-04  val=4.1300e-04 | lr=2.19e-04
Avg eval time: 0.091 ms/sample (0.079 s total over 870 samples)
Epoch  22/60 | loss  train=0.0001  val=0.0002 | MSE g+ train=1.0733e-04  val=1.9415e-04 | MSE g× train=1.0085e-04  val=4.5301e-04 | lr=2.12e-04
Avg eval time: 0.092 ms/sample (0.080 s total over 870 samples)
Epoch  23/60 | loss  train=0.0001  val=0.0002 | MSE g+ train=9.4130e-05  val=1.9103e-04 | MSE g× train=1.0808e-04  val=4.2908e-04 | lr=2.05e-04
Avg eval time: 0.092 ms/sample (0.080 s total over 870 samples)
Epoch  24/60 | loss  train=0.0000  val=0.0002 | MSE g+ train=8.7197e-05  val=2.1119e-04 | MSE g× train=9.7260e-05  val=4.1082e-04 | lr=1.97e-04
Avg eval time: 0.092 ms/sample (0.080 s total over 870 samples)
Epoch  25/60 | loss  train=0.0000  val=0.0002 | MSE g+ train=1.0141e-04  val=1.9953e-04 | MSE g× train=9.2043e-05  val=4.2957e-04 | lr=1.90e-04
Avg eval time: 0.092 ms/sample (0.080 s total over 870 samples)
Epoch  26/60 | loss  train=0.0000  val=0.0002 | MSE g+ train=8.5823e-05  val=1.9835e-04 | MSE g× train=8.1180e-05  val=4.1566e-04 | lr=1.82e-04
Avg eval time: 0.092 ms/sample (0.080 s total over 870 samples)
Epoch  27/60 | loss  train=0.0000  val=0.0002 | MSE g+ train=8.0799e-05  val=2.1315e-04 | MSE g× train=8.9049e-05  val=4.9715e-04 | lr=1.75e-04
Avg eval time: 0.092 ms/sample (0.080 s total over 870 samples)
Epoch  28/60 | loss  train=0.0000  val=0.0001 | MSE g+ train=1.0072e-04  val=1.8806e-04 | MSE g× train=8.7998e-05  val=4.0068e-04 | lr=1.67e-04
Avg eval time: 0.093 ms/sample (0.081 s total over 870 samples)
Epoch  29/60 | loss  train=0.0000  val=0.0002 | MSE g+ train=7.4748e-05  val=2.3592e-04 | MSE g× train=1.0789e-04  val=4.1018e-04 | lr=1.59e-04
Avg eval time: 0.091 ms/sample (0.079 s total over 870 samples)
Epoch  30/60 | loss  train=0.0000  val=0.0002 | MSE g+ train=8.6838e-05  val=1.9343e-04 | MSE g× train=9.2589e-05  val=4.6534e-04 | lr=1.52e-04
Avg eval time: 0.091 ms/sample (0.079 s total over 870 samples)
Epoch  31/60 | loss  train=0.0000  val=0.0001 | MSE g+ train=7.9391e-05  val=1.8248e-04 | MSE g× train=1.0034e-04  val=3.7938e-04 | lr=1.44e-04
Avg eval time: 0.092 ms/sample (0.080 s total over 870 samples)
Epoch  32/60 | loss  train=0.0000  val=0.0002 | MSE g+ train=6.9195e-05  val=2.0538e-04 | MSE g× train=9.6856e-05  val=4.1953e-04 | lr=1.36e-04
Avg eval time: 0.093 ms/sample (0.081 s total over 870 samples)
Epoch  33/60 | loss  train=0.0000  val=0.0002 | MSE g+ train=7.9756e-05  val=1.9041e-04 | MSE g× train=6.4629e-05  val=4.5672e-04 | lr=1.28e-04
Avg eval time: 0.091 ms/sample (0.079 s total over 870 samples)
Epoch  34/60 | loss  train=0.0000  val=0.0002 | MSE g+ train=6.6629e-05  val=1.9055e-04 | MSE g× train=8.1106e-05  val=5.1862e-04 | lr=1.21e-04
Avg eval time: 0.093 ms/sample (0.080 s total over 870 samples)
Epoch  35/60 | loss  train=0.0000  val=0.0001 | MSE g+ train=6.9344e-05  val=1.8259e-04 | MSE g× train=7.4406e-05  val=4.0137e-04 | lr=1.13e-04
Avg eval time: 0.091 ms/sample (0.079 s total over 870 samples)
Epoch  36/60 | loss  train=0.0000  val=0.0002 | MSE g+ train=7.9018e-05  val=2.1907e-04 | MSE g× train=8.3740e-05  val=4.0678e-04 | lr=1.06e-04
Avg eval time: 0.091 ms/sample (0.079 s total over 870 samples)
Epoch  37/60 | loss  train=0.0000  val=0.0001 | MSE g+ train=6.2841e-05  val=1.8122e-04 | MSE g× train=6.4137e-05  val=4.1693e-04 | lr=9.83e-05
Avg eval time: 0.092 ms/sample (0.080 s total over 870 samples)
Epoch  38/60 | loss  train=0.0000  val=0.0002 | MSE g+ train=6.4659e-05  val=2.0794e-04 | MSE g× train=7.6287e-05  val=4.1857e-04 | lr=9.11e-05
Avg eval time: 0.093 ms/sample (0.080 s total over 870 samples)
Epoch  39/60 | loss  train=0.0000  val=0.0002 | MSE g+ train=6.5816e-05  val=2.0874e-04 | MSE g× train=7.4150e-05  val=4.0567e-04 | lr=8.41e-05
Avg eval time: 0.091 ms/sample (0.079 s total over 870 samples)
Epoch  40/60 | loss  train=0.0000  val=0.0002 | MSE g+ train=6.3929e-05  val=2.0446e-04 | MSE g× train=6.3109e-05  val=4.4431e-04 | lr=7.73e-05
Avg eval time: 0.092 ms/sample (0.080 s total over 870 samples)
Epoch  41/60 | loss  train=0.0000  val=0.0002 | MSE g+ train=6.3749e-05  val=2.0210e-04 | MSE g× train=6.6022e-05  val=4.1153e-04 | lr=7.06e-05
Avg eval time: 0.092 ms/sample (0.080 s total over 870 samples)
Epoch  42/60 | loss  train=0.0000  val=0.0002 | MSE g+ train=5.6926e-05  val=1.9322e-04 | MSE g× train=5.7942e-05  val=4.0797e-04 | lr=6.42e-05
Avg eval time: 0.091 ms/sample (0.079 s total over 870 samples)
Epoch  43/60 | loss  train=0.0000  val=0.0002 | MSE g+ train=5.7935e-05  val=1.9946e-04 | MSE g× train=5.4032e-05  val=4.1572e-04 | lr=5.80e-05

Early stopping at epoch 43 (no improvement for 12 epochs).

Loading best checkpoint (val loss = 0.0001) …

── Test set evaluation ──────────────────────────────────────
Avg eval time: 0.096 ms/sample (0.083 s total over 870 samples)
  Test Smooth-L1 loss : 0.0001
  Test MSE  g+        : 1.6449e-04
  Test MSE  g×        : 4.1070e-04
  Test RMSE g+        : 1.2825e-02
  Test RMSE g×        : 2.0266e-02

  Absolute error percentiles  |pred − true|
    Percentile          g+          g×
  ────────────  ──────────  ──────────
           50th      0.0083      0.0123
           75th      0.0149      0.0222
           90th      0.0210      0.0332
           95th      0.0245      0.0405
           99th      0.0332      0.0587

  Fractional error percentiles  |pred − true| / |true|
  (only galaxies with |g_true| ≥ 0.035 — the KL shape noise floor)
    Percentile          g+          g×
  ────────────  ──────────  ──────────
  (435 galaxies excluded per component as |g_true| < 0.035)
           50th       14.3%       24.8%
           75th       26.2%       38.6%
           90th       36.2%       56.3%
           95th       45.8%       67.7%
           99th       67.7%       91.5%

  Interpretation: for galaxies with |g| ≥ 0.035, 50% of predictions are within 14.3% (g+) / 24.8% (g×) of the true shear value.
Avg eval time: 0.091 ms/sample (0.079 s total over 870 samples)

Generating diagnostic plots …
  Saved: loss_curves.png
  Saved: shear_scatter_val.png
  Saved: pred_vs_true_val.png
  Saved: residuals_val.png
  Saved: shear_scatter_test.png
  Saved: pred_vs_true_test.png
  Saved: residuals_test.png

All outputs saved to /lustre/nvwulf/projects/MirandaGroup-nvwulf/victoria/Kinematic_Lensing_ML/kl_dataset/model_output_full/sigma_0.5

Output files:
  best_model.pt
  loss_curves.png
  pred_vs_true_test.png
  pred_vs_true_val.png
  residuals_test.png
  residuals_val.png
  shear_scatter_test.png
  shear_scatter_val.png
  split_test.csv
  split_train.csv
  split_val.csv
  test_summary.csv
======================================
sigma = 0.5 finished
Return code = 0
End time = Thu Oct  1 11:49:39 AM EDT 2026
======================================
