======================================
Starting sigma = 1.5
Job ID        = 945697
Array ID      = 2
Node          = b40x4-11
Start time    = Wed Sep 30 07:20:25 PM EDT 2026
======================================

Device: cuda
  GPU: NVIDIA RTX PRO 6000 Blackwell Server Edition
Border crop: central 75% of the field (22.5 kpc)
Smoothing: sigma = 1.5 px on both

Filtering to rows with existing FITS files …
  Velmap fill fraction per galaxy: <0.1: 7  0.1–0.5: 272  ≥0.5: 307
  Dropping 7/586 galaxies (70 rows) with vel_fill_frac < 0.1
Usable rows: 5790

Building train / val / test splits (stratified by subhalo_id) …
Split sizes — train: 4050  val: 870  test: 870
Unique galaxies — train: 402  val: 87  test: 87

Building model …
  Trainable parameters: 4,732,326

Training for up to 60 epochs (patience=12) …

Avg eval time: 0.261 ms/sample (0.227 s total over 870 samples)
Epoch   1/60 | loss  train=0.0014  val=0.0013 | MSE g+ train=3.0576e-03  val=2.4755e-03 | MSE g× train=2.7138e-03  val=2.8239e-03 | lr=3.00e-04
Avg eval time: 0.092 ms/sample (0.080 s total over 870 samples)
Epoch   2/60 | loss  train=0.0009  val=0.0012 | MSE g+ train=1.5779e-03  val=2.1002e-03 | MSE g× train=1.8764e-03  val=2.7864e-03 | lr=2.99e-04
Avg eval time: 0.090 ms/sample (0.079 s total over 870 samples)
Epoch   3/60 | loss  train=0.0006  val=0.0013 | MSE g+ train=9.6055e-04  val=2.1212e-03 | MSE g× train=1.3313e-03  val=3.1111e-03 | lr=2.98e-04
Avg eval time: 0.092 ms/sample (0.080 s total over 870 samples)
Epoch   4/60 | loss  train=0.0004  val=0.0012 | MSE g+ train=6.9872e-04  val=2.0965e-03 | MSE g× train=8.4073e-04  val=2.7282e-03 | lr=2.97e-04
Avg eval time: 0.091 ms/sample (0.080 s total over 870 samples)
Epoch   5/60 | loss  train=0.0003  val=0.0012 | MSE g+ train=5.0052e-04  val=1.9421e-03 | MSE g× train=5.4977e-04  val=2.7983e-03 | lr=2.95e-04
Avg eval time: 0.092 ms/sample (0.080 s total over 870 samples)
Epoch   6/60 | loss  train=0.0002  val=0.0012 | MSE g+ train=3.9645e-04  val=2.0167e-03 | MSE g× train=4.6134e-04  val=2.6981e-03 | lr=2.93e-04
Avg eval time: 0.092 ms/sample (0.080 s total over 870 samples)
Epoch   7/60 | loss  train=0.0002  val=0.0012 | MSE g+ train=3.8139e-04  val=1.9371e-03 | MSE g× train=3.5597e-04  val=2.7069e-03 | lr=2.90e-04
Avg eval time: 0.091 ms/sample (0.079 s total over 870 samples)
Epoch   8/60 | loss  train=0.0002  val=0.0011 | MSE g+ train=2.9918e-04  val=1.9588e-03 | MSE g× train=3.4333e-04  val=2.6122e-03 | lr=2.87e-04
Avg eval time: 0.091 ms/sample (0.079 s total over 870 samples)
Epoch   9/60 | loss  train=0.0001  val=0.0011 | MSE g+ train=2.9037e-04  val=1.9567e-03 | MSE g× train=2.7341e-04  val=2.6401e-03 | lr=2.84e-04
Avg eval time: 0.091 ms/sample (0.079 s total over 870 samples)
Epoch  10/60 | loss  train=0.0001  val=0.0011 | MSE g+ train=2.3958e-04  val=1.8925e-03 | MSE g× train=2.6047e-04  val=2.5485e-03 | lr=2.80e-04
Avg eval time: 0.091 ms/sample (0.080 s total over 870 samples)
Epoch  11/60 | loss  train=0.0001  val=0.0011 | MSE g+ train=2.3746e-04  val=1.8877e-03 | MSE g× train=2.5072e-04  val=2.5102e-03 | lr=2.76e-04
Avg eval time: 0.092 ms/sample (0.080 s total over 870 samples)
Epoch  12/60 | loss  train=0.0001  val=0.0011 | MSE g+ train=2.2545e-04  val=1.9462e-03 | MSE g× train=2.1744e-04  val=2.5203e-03 | lr=2.72e-04
Avg eval time: 0.092 ms/sample (0.080 s total over 870 samples)
Epoch  13/60 | loss  train=0.0001  val=0.0011 | MSE g+ train=2.3562e-04  val=1.8291e-03 | MSE g× train=2.1748e-04  val=2.5411e-03 | lr=2.67e-04
Avg eval time: 0.092 ms/sample (0.080 s total over 870 samples)
Epoch  14/60 | loss  train=0.0001  val=0.0011 | MSE g+ train=1.8675e-04  val=1.9645e-03 | MSE g× train=1.9286e-04  val=2.5547e-03 | lr=2.62e-04
Avg eval time: 0.092 ms/sample (0.080 s total over 870 samples)
Epoch  15/60 | loss  train=0.0001  val=0.0011 | MSE g+ train=1.9971e-04  val=1.8137e-03 | MSE g× train=1.7036e-04  val=2.4903e-03 | lr=2.57e-04
Avg eval time: 0.091 ms/sample (0.079 s total over 870 samples)
Epoch  16/60 | loss  train=0.0001  val=0.0011 | MSE g+ train=2.0264e-04  val=1.8262e-03 | MSE g× train=1.7591e-04  val=2.4969e-03 | lr=2.51e-04
Avg eval time: 0.090 ms/sample (0.079 s total over 870 samples)
Epoch  17/60 | loss  train=0.0001  val=0.0011 | MSE g+ train=1.8050e-04  val=1.7886e-03 | MSE g× train=1.6645e-04  val=2.5105e-03 | lr=2.45e-04
Avg eval time: 0.090 ms/sample (0.078 s total over 870 samples)
Epoch  18/60 | loss  train=0.0001  val=0.0011 | MSE g+ train=1.6612e-04  val=1.8171e-03 | MSE g× train=1.5976e-04  val=2.5001e-03 | lr=2.39e-04
Avg eval time: 0.091 ms/sample (0.079 s total over 870 samples)
Epoch  19/60 | loss  train=0.0001  val=0.0011 | MSE g+ train=1.6253e-04  val=1.7760e-03 | MSE g× train=1.5078e-04  val=2.4849e-03 | lr=2.32e-04
Avg eval time: 0.092 ms/sample (0.080 s total over 870 samples)
Epoch  20/60 | loss  train=0.0001  val=0.0011 | MSE g+ train=1.4026e-04  val=1.8712e-03 | MSE g× train=1.3955e-04  val=2.4520e-03 | lr=2.26e-04
Avg eval time: 0.092 ms/sample (0.080 s total over 870 samples)
Epoch  21/60 | loss  train=0.0001  val=0.0011 | MSE g+ train=1.5600e-04  val=1.8842e-03 | MSE g× train=1.4226e-04  val=2.4988e-03 | lr=2.19e-04
Avg eval time: 0.090 ms/sample (0.078 s total over 870 samples)
Epoch  22/60 | loss  train=0.0001  val=0.0011 | MSE g+ train=1.5229e-04  val=1.8134e-03 | MSE g× train=1.3052e-04  val=2.4658e-03 | lr=2.12e-04
Avg eval time: 0.092 ms/sample (0.080 s total over 870 samples)
Epoch  23/60 | loss  train=0.0001  val=0.0011 | MSE g+ train=1.3718e-04  val=1.7887e-03 | MSE g× train=1.3808e-04  val=2.4372e-03 | lr=2.05e-04
Avg eval time: 0.091 ms/sample (0.079 s total over 870 samples)
Epoch  24/60 | loss  train=0.0001  val=0.0011 | MSE g+ train=1.2661e-04  val=1.7762e-03 | MSE g× train=1.3237e-04  val=2.4636e-03 | lr=1.97e-04
Avg eval time: 0.092 ms/sample (0.080 s total over 870 samples)
Epoch  25/60 | loss  train=0.0001  val=0.0011 | MSE g+ train=1.3533e-04  val=1.7951e-03 | MSE g× train=1.1558e-04  val=2.4288e-03 | lr=1.90e-04
Avg eval time: 0.091 ms/sample (0.079 s total over 870 samples)
Epoch  26/60 | loss  train=0.0001  val=0.0011 | MSE g+ train=1.2424e-04  val=1.7812e-03 | MSE g× train=1.1266e-04  val=2.4388e-03 | lr=1.82e-04
Avg eval time: 0.092 ms/sample (0.080 s total over 870 samples)
Epoch  27/60 | loss  train=0.0001  val=0.0010 | MSE g+ train=1.1966e-04  val=1.7822e-03 | MSE g× train=1.1249e-04  val=2.4141e-03 | lr=1.75e-04
Avg eval time: 0.091 ms/sample (0.080 s total over 870 samples)
Epoch  28/60 | loss  train=0.0001  val=0.0010 | MSE g+ train=1.3633e-04  val=1.7965e-03 | MSE g× train=1.1471e-04  val=2.3885e-03 | lr=1.67e-04
Avg eval time: 0.092 ms/sample (0.080 s total over 870 samples)
Epoch  29/60 | loss  train=0.0001  val=0.0010 | MSE g+ train=1.1095e-04  val=1.7688e-03 | MSE g× train=1.2162e-04  val=2.3777e-03 | lr=1.59e-04
Avg eval time: 0.091 ms/sample (0.079 s total over 870 samples)
Epoch  30/60 | loss  train=0.0001  val=0.0010 | MSE g+ train=1.1156e-04  val=1.7947e-03 | MSE g× train=1.1384e-04  val=2.3976e-03 | lr=1.52e-04
Avg eval time: 0.091 ms/sample (0.079 s total over 870 samples)
Epoch  31/60 | loss  train=0.0001  val=0.0010 | MSE g+ train=1.0396e-04  val=1.7882e-03 | MSE g× train=1.2005e-04  val=2.4100e-03 | lr=1.44e-04
Avg eval time: 0.091 ms/sample (0.079 s total over 870 samples)
Epoch  32/60 | loss  train=0.0001  val=0.0010 | MSE g+ train=9.5174e-05  val=1.7687e-03 | MSE g× train=1.1122e-04  val=2.3900e-03 | lr=1.36e-04
Avg eval time: 0.092 ms/sample (0.080 s total over 870 samples)
Epoch  33/60 | loss  train=0.0000  val=0.0010 | MSE g+ train=9.9684e-05  val=1.7549e-03 | MSE g× train=8.4871e-05  val=2.3871e-03 | lr=1.28e-04
Avg eval time: 0.090 ms/sample (0.078 s total over 870 samples)
Epoch  34/60 | loss  train=0.0000  val=0.0010 | MSE g+ train=9.0407e-05  val=1.7825e-03 | MSE g× train=9.3726e-05  val=2.4059e-03 | lr=1.21e-04
Avg eval time: 0.090 ms/sample (0.079 s total over 870 samples)
Epoch  35/60 | loss  train=0.0000  val=0.0010 | MSE g+ train=8.8339e-05  val=1.7606e-03 | MSE g× train=8.2800e-05  val=2.4177e-03 | lr=1.13e-04
Avg eval time: 0.092 ms/sample (0.080 s total over 870 samples)
Epoch  36/60 | loss  train=0.0000  val=0.0010 | MSE g+ train=9.3238e-05  val=1.7591e-03 | MSE g× train=9.1417e-05  val=2.3952e-03 | lr=1.06e-04
Avg eval time: 0.091 ms/sample (0.079 s total over 870 samples)
Epoch  37/60 | loss  train=0.0000  val=0.0010 | MSE g+ train=8.3824e-05  val=1.7685e-03 | MSE g× train=8.1373e-05  val=2.3930e-03 | lr=9.83e-05
Avg eval time: 0.092 ms/sample (0.080 s total over 870 samples)
Epoch  38/60 | loss  train=0.0000  val=0.0010 | MSE g+ train=8.7386e-05  val=1.7487e-03 | MSE g× train=8.5476e-05  val=2.3953e-03 | lr=9.11e-05
Avg eval time: 0.091 ms/sample (0.079 s total over 870 samples)
Epoch  39/60 | loss  train=0.0000  val=0.0010 | MSE g+ train=8.6477e-05  val=1.7683e-03 | MSE g× train=8.3559e-05  val=2.3912e-03 | lr=8.41e-05
Avg eval time: 0.092 ms/sample (0.080 s total over 870 samples)
Epoch  40/60 | loss  train=0.0000  val=0.0010 | MSE g+ train=8.2579e-05  val=1.7585e-03 | MSE g× train=7.6602e-05  val=2.4028e-03 | lr=7.73e-05
Avg eval time: 0.091 ms/sample (0.080 s total over 870 samples)
Epoch  41/60 | loss  train=0.0000  val=0.0010 | MSE g+ train=8.1503e-05  val=1.7630e-03 | MSE g× train=7.7776e-05  val=2.4100e-03 | lr=7.06e-05
Avg eval time: 0.092 ms/sample (0.080 s total over 870 samples)
Epoch  42/60 | loss  train=0.0000  val=0.0010 | MSE g+ train=7.0452e-05  val=1.7593e-03 | MSE g× train=6.4053e-05  val=2.3988e-03 | lr=6.42e-05
Avg eval time: 0.092 ms/sample (0.080 s total over 870 samples)
Epoch  43/60 | loss  train=0.0000  val=0.0010 | MSE g+ train=7.0288e-05  val=1.7478e-03 | MSE g× train=6.3026e-05  val=2.3843e-03 | lr=5.80e-05
Avg eval time: 0.091 ms/sample (0.080 s total over 870 samples)
Epoch  44/60 | loss  train=0.0000  val=0.0010 | MSE g+ train=6.5905e-05  val=1.7594e-03 | MSE g× train=7.4701e-05  val=2.4059e-03 | lr=5.21e-05
Avg eval time: 0.090 ms/sample (0.079 s total over 870 samples)
Epoch  45/60 | loss  train=0.0000  val=0.0010 | MSE g+ train=6.2841e-05  val=1.7612e-03 | MSE g× train=6.5848e-05  val=2.3947e-03 | lr=4.65e-05
Avg eval time: 0.094 ms/sample (0.082 s total over 870 samples)
Epoch  46/60 | loss  train=0.0000  val=0.0010 | MSE g+ train=6.8430e-05  val=1.7720e-03 | MSE g× train=6.2595e-05  val=2.3777e-03 | lr=4.11e-05
Avg eval time: 0.092 ms/sample (0.080 s total over 870 samples)
Epoch  47/60 | loss  train=0.0000  val=0.0010 | MSE g+ train=6.6085e-05  val=1.7589e-03 | MSE g× train=6.4390e-05  val=2.3721e-03 | lr=3.61e-05
Avg eval time: 0.090 ms/sample (0.079 s total over 870 samples)
Epoch  48/60 | loss  train=0.0000  val=0.0010 | MSE g+ train=7.4223e-05  val=1.7732e-03 | MSE g× train=5.7099e-05  val=2.3734e-03 | lr=3.14e-05
Avg eval time: 0.091 ms/sample (0.079 s total over 870 samples)
Epoch  49/60 | loss  train=0.0000  val=0.0010 | MSE g+ train=5.8513e-05  val=1.7622e-03 | MSE g× train=5.7840e-05  val=2.3820e-03 | lr=2.70e-05
Avg eval time: 0.091 ms/sample (0.079 s total over 870 samples)
Epoch  50/60 | loss  train=0.0000  val=0.0010 | MSE g+ train=4.9883e-05  val=1.7600e-03 | MSE g× train=5.8049e-05  val=2.3900e-03 | lr=2.29e-05
Avg eval time: 0.093 ms/sample (0.081 s total over 870 samples)
Epoch  51/60 | loss  train=0.0000  val=0.0010 | MSE g+ train=5.2749e-05  val=1.7783e-03 | MSE g× train=5.9803e-05  val=2.3820e-03 | lr=1.92e-05
Avg eval time: 0.091 ms/sample (0.080 s total over 870 samples)
Epoch  52/60 | loss  train=0.0000  val=0.0010 | MSE g+ train=6.3568e-05  val=1.7824e-03 | MSE g× train=4.9590e-05  val=2.3836e-03 | lr=1.58e-05
Avg eval time: 0.090 ms/sample (0.078 s total over 870 samples)
Epoch  53/60 | loss  train=0.0000  val=0.0010 | MSE g+ train=5.4124e-05  val=1.7736e-03 | MSE g× train=5.4880e-05  val=2.3776e-03 | lr=1.29e-05
Avg eval time: 0.091 ms/sample (0.079 s total over 870 samples)
Epoch  54/60 | loss  train=0.0000  val=0.0010 | MSE g+ train=5.9512e-05  val=1.7608e-03 | MSE g× train=5.4858e-05  val=2.3848e-03 | lr=1.03e-05
Avg eval time: 0.091 ms/sample (0.079 s total over 870 samples)
Epoch  55/60 | loss  train=0.0000  val=0.0010 | MSE g+ train=5.8253e-05  val=1.7736e-03 | MSE g× train=6.1727e-05  val=2.3936e-03 | lr=8.06e-06
Avg eval time: 0.090 ms/sample (0.079 s total over 870 samples)
Epoch  56/60 | loss  train=0.0000  val=0.0010 | MSE g+ train=5.1903e-05  val=1.7660e-03 | MSE g× train=5.1625e-05  val=2.3829e-03 | lr=6.25e-06
Avg eval time: 0.095 ms/sample (0.083 s total over 870 samples)
Epoch  57/60 | loss  train=0.0000  val=0.0010 | MSE g+ train=6.2333e-05  val=1.7800e-03 | MSE g× train=5.6094e-05  val=2.4026e-03 | lr=4.83e-06
Avg eval time: 0.090 ms/sample (0.079 s total over 870 samples)
Epoch  58/60 | loss  train=0.0000  val=0.0010 | MSE g+ train=5.4258e-05  val=1.7577e-03 | MSE g× train=5.3576e-05  val=2.3837e-03 | lr=3.81e-06
Avg eval time: 0.093 ms/sample (0.081 s total over 870 samples)
Epoch  59/60 | loss  train=0.0000  val=0.0010 | MSE g+ train=5.1682e-05  val=1.7840e-03 | MSE g× train=5.6719e-05  val=2.3761e-03 | lr=3.20e-06

Early stopping at epoch 59 (no improvement for 12 epochs).

Loading best checkpoint (val loss = 0.0010) …

── Test set evaluation ──────────────────────────────────────
Avg eval time: 0.096 ms/sample (0.084 s total over 870 samples)
  Test Smooth-L1 loss : 0.0011
  Test MSE  g+        : 1.8855e-03
  Test MSE  g×        : 2.4528e-03
  Test RMSE g+        : 4.3423e-02
  Test RMSE g×        : 4.9526e-02

  Absolute error percentiles  |pred − true|
    Percentile          g+          g×
  ────────────  ──────────  ──────────
           50th      0.0278      0.0320
           75th      0.0507      0.0583
           90th      0.0721      0.0825
           95th      0.0874      0.0953
           99th      0.1111      0.1278

  Fractional error percentiles  |pred − true| / |true|
  (only galaxies with |g_true| ≥ 0.035 — the KL shape noise floor)
    Percentile          g+          g×
  ────────────  ──────────  ──────────
  (435 galaxies excluded per component as |g_true| < 0.035)
           50th       72.2%       82.9%
           75th      102.7%      104.6%
           90th      132.2%      131.1%
           95th      153.2%      151.1%
           99th      182.1%      186.8%

  Interpretation: for galaxies with |g| ≥ 0.035, 50% of predictions are within 72.2% (g+) / 82.9% (g×) of the true shear value.
Avg eval time: 0.090 ms/sample (0.079 s total over 870 samples)

Generating diagnostic plots …
  Saved: loss_curves.png
  Saved: shear_scatter_val.png
  Saved: pred_vs_true_val.png
  Saved: residuals_val.png
  Saved: shear_scatter_test.png
  Saved: pred_vs_true_test.png
  Saved: residuals_test.png

All outputs saved to /lustre/nvwulf/projects/MirandaGroup-nvwulf/victoria/Kinematic_Lensing_ML/kl_dataset/model_output_full/sigma_1.5

Output files:
  best_model.pt
  loss_curves.png
  pred_vs_true_test.png
  pred_vs_true_val.png
  residuals_test.png
  residuals_val.png
  shear_scatter_test.png
  shear_scatter_val.png
  split_test.csv
  split_train.csv
  split_val.csv
  test_summary.csv
======================================
sigma = 1.5 finished
Return code = 0
End time = Wed Sep 30 07:34:00 PM EDT 2026
======================================
